
> table-tennis-club@0.1.0 build
> next build

▲ Next.js 16.3.3 (Turbopack)
✓ Running next.config.mjs took 7ms

  Creating an optimized production build ...
✓ Compiled successfully in 386ms
  Running TypeScript ...
  Finished TypeScript in 942ms ...
  Collecting page data using 6 workers ...
  Generating static pages using 6 workers (0/5) ...
  Generating static pages using 6 workers (1/5)
  Generating static pages using 6 workers (2/5)
  Generating static pages using 6 workers (3/5)
✓ Generating static pages using 6 workers (5/5) in 289ms
  Finalizing page optimization ...

Route (app)
┌ ○ /
├ ○ /_not-found
├ ○ /club
└ ○ /parent


○  (Static)  prerendered as static content
